
Allocating common symbols
Common symbol       size              file

ADCConvertedValues  0x4               ..\obj\main.o

Discarded input sections

 .text          0x00000000        0x0 ..\obj\semihosting.o
 .data          0x00000000        0x0 ..\obj\semihosting.o
 .text.SH_SendString
                0x00000000       0x20 ..\obj\semihosting.o
 .text.SH_GetChar
                0x00000000       0x40 ..\obj\semihosting.o
 .text          0x00000000        0x0 ..\obj\delay.o
 .data          0x00000000        0x0 ..\obj\delay.o
 .text.delay_nus
                0x00000000       0x28 ..\obj\delay.o
 .text          0x00000000        0x0 ..\obj\startup_stm32f4xx.o
 .data          0x00000000        0x0 ..\obj\startup_stm32f4xx.o
 .bss           0x00000000        0x0 ..\obj\startup_stm32f4xx.o
 .text          0x00000000        0x0 ..\obj\main.o
 .data          0x00000000        0x0 ..\obj\main.o
 .bss           0x00000000        0x0 ..\obj\main.o
 .text          0x00000000        0x0 ..\obj\stm32f4xx_rcc.o
 .data          0x00000000       0x10 ..\obj\stm32f4xx_rcc.o
 .bss           0x00000000        0x0 ..\obj\stm32f4xx_rcc.o
 .text.RCC_DeInit
                0x00000000       0x50 ..\obj\stm32f4xx_rcc.o
 .text.RCC_HSEConfig
                0x00000000       0x24 ..\obj\stm32f4xx_rcc.o
 .text.RCC_WaitForHSEStartUp
                0x00000000       0x50 ..\obj\stm32f4xx_rcc.o
 .text.RCC_AdjustHSICalibrationValue
                0x00000000       0x3c ..\obj\stm32f4xx_rcc.o
 .text.RCC_HSICmd
                0x00000000       0x20 ..\obj\stm32f4xx_rcc.o
 .text.RCC_LSEConfig
                0x00000000       0x40 ..\obj\stm32f4xx_rcc.o
 .text.RCC_LSICmd
                0x00000000       0x20 ..\obj\stm32f4xx_rcc.o
 .text.RCC_PLLConfig
                0x00000000       0x3c ..\obj\stm32f4xx_rcc.o
 .text.RCC_PLLCmd
                0x00000000       0x20 ..\obj\stm32f4xx_rcc.o
 .text.RCC_PLLI2SConfig
                0x00000000       0x28 ..\obj\stm32f4xx_rcc.o
 .text.RCC_PLLI2SCmd
                0x00000000       0x20 ..\obj\stm32f4xx_rcc.o
 .text.RCC_ClockSecuritySystemCmd
                0x00000000       0x20 ..\obj\stm32f4xx_rcc.o
 .text.RCC_MCO1Config
                0x00000000       0x3c ..\obj\stm32f4xx_rcc.o
 .text.RCC_MCO2Config
                0x00000000       0x3c ..\obj\stm32f4xx_rcc.o
 .text.RCC_SYSCLKConfig
                0x00000000       0x38 ..\obj\stm32f4xx_rcc.o
 .text.RCC_GetSYSCLKSource
                0x00000000       0x1c ..\obj\stm32f4xx_rcc.o
 .text.RCC_HCLKConfig
                0x00000000       0x38 ..\obj\stm32f4xx_rcc.o
 .text.RCC_PCLK1Config
                0x00000000       0x38 ..\obj\stm32f4xx_rcc.o
 .text.RCC_PCLK2Config
                0x00000000       0x38 ..\obj\stm32f4xx_rcc.o
 .text.RCC_GetClocksFreq
                0x00000000      0x154 ..\obj\stm32f4xx_rcc.o
 .text.RCC_RTCCLKConfig
                0x00000000       0x5c ..\obj\stm32f4xx_rcc.o
 .text.RCC_RTCCLKCmd
                0x00000000       0x20 ..\obj\stm32f4xx_rcc.o
 .text.RCC_BackupResetCmd
                0x00000000       0x20 ..\obj\stm32f4xx_rcc.o
 .text.RCC_I2SCLKConfig
                0x00000000       0x1c ..\obj\stm32f4xx_rcc.o
 .text.RCC_AHB2PeriphClockCmd
                0x00000000       0x3c ..\obj\stm32f4xx_rcc.o
 .text.RCC_AHB3PeriphClockCmd
                0x00000000       0x3c ..\obj\stm32f4xx_rcc.o
 .text.RCC_APB1PeriphClockCmd
                0x00000000       0x3c ..\obj\stm32f4xx_rcc.o
 .text.RCC_AHB1PeriphResetCmd
                0x00000000       0x3c ..\obj\stm32f4xx_rcc.o
 .text.RCC_AHB2PeriphResetCmd
                0x00000000       0x3c ..\obj\stm32f4xx_rcc.o
 .text.RCC_AHB3PeriphResetCmd
                0x00000000       0x3c ..\obj\stm32f4xx_rcc.o
 .text.RCC_APB1PeriphResetCmd
                0x00000000       0x3c ..\obj\stm32f4xx_rcc.o
 .text.RCC_APB2PeriphResetCmd
                0x00000000       0x3c ..\obj\stm32f4xx_rcc.o
 .text.RCC_AHB1PeriphClockLPModeCmd
                0x00000000       0x3c ..\obj\stm32f4xx_rcc.o
 .text.RCC_AHB2PeriphClockLPModeCmd
                0x00000000       0x3c ..\obj\stm32f4xx_rcc.o
 .text.RCC_AHB3PeriphClockLPModeCmd
                0x00000000       0x3c ..\obj\stm32f4xx_rcc.o
 .text.RCC_APB1PeriphClockLPModeCmd
                0x00000000       0x3c ..\obj\stm32f4xx_rcc.o
 .text.RCC_APB2PeriphClockLPModeCmd
                0x00000000       0x3c ..\obj\stm32f4xx_rcc.o
 .text.RCC_ITConfig
                0x00000000       0x4c ..\obj\stm32f4xx_rcc.o
 .text.RCC_GetFlagStatus
                0x00000000       0x74 ..\obj\stm32f4xx_rcc.o
 .text.RCC_ClearFlag
                0x00000000       0x1c ..\obj\stm32f4xx_rcc.o
 .text.RCC_GetITStatus
                0x00000000       0x34 ..\obj\stm32f4xx_rcc.o
 .text.RCC_ClearITPendingBit
                0x00000000       0x20 ..\obj\stm32f4xx_rcc.o
 .text          0x00000000        0x0 ..\obj\stm32f4xx_adc.o
 .data          0x00000000        0x0 ..\obj\stm32f4xx_adc.o
 .bss           0x00000000        0x0 ..\obj\stm32f4xx_adc.o
 .text.ADC_DeInit
                0x00000000       0x1c ..\obj\stm32f4xx_adc.o
 .text.ADC_StructInit
                0x00000000       0x3c ..\obj\stm32f4xx_adc.o
 .text.ADC_CommonStructInit
                0x00000000       0x2c ..\obj\stm32f4xx_adc.o
 .text.ADC_AnalogWatchdogCmd
                0x00000000       0x38 ..\obj\stm32f4xx_adc.o
 .text.ADC_AnalogWatchdogThresholdsConfig
                0x00000000       0x28 ..\obj\stm32f4xx_adc.o
 .text.ADC_AnalogWatchdogSingleChannelConfig
                0x00000000       0x38 ..\obj\stm32f4xx_adc.o
 .text.ADC_TempSensorVrefintCmd
                0x00000000       0x38 ..\obj\stm32f4xx_adc.o
 .text.ADC_VBATCmd
                0x00000000       0x38 ..\obj\stm32f4xx_adc.o
 .text.ADC_GetSoftwareStartConvStatus
                0x00000000       0x30 ..\obj\stm32f4xx_adc.o
 .text.ADC_EOCOnEachRegularChannelCmd
                0x00000000       0x38 ..\obj\stm32f4xx_adc.o
 .text.ADC_ContinuousModeCmd
                0x00000000       0x38 ..\obj\stm32f4xx_adc.o
 .text.ADC_DiscModeChannelCountConfig
                0x00000000       0x44 ..\obj\stm32f4xx_adc.o
 .text.ADC_DiscModeCmd
                0x00000000       0x38 ..\obj\stm32f4xx_adc.o
 .text.ADC_GetConversionValue
                0x00000000       0x18 ..\obj\stm32f4xx_adc.o
 .text.ADC_GetMultiModeConversionValue
                0x00000000       0x14 ..\obj\stm32f4xx_adc.o
 .text.ADC_MultiModeDMARequestAfterLastTransferCmd
                0x00000000       0x38 ..\obj\stm32f4xx_adc.o
 .text.ADC_InjectedChannelConfig
                0x00000000      0x120 ..\obj\stm32f4xx_adc.o
 .text.ADC_InjectedSequencerLengthConfig
                0x00000000       0x44 ..\obj\stm32f4xx_adc.o
 .text.ADC_SetInjectedOffset
                0x00000000       0x34 ..\obj\stm32f4xx_adc.o
 .text.ADC_ExternalTrigInjectedConvConfig
                0x00000000       0x34 ..\obj\stm32f4xx_adc.o
 .text.ADC_ExternalTrigInjectedConvEdgeConfig
                0x00000000       0x34 ..\obj\stm32f4xx_adc.o
 .text.ADC_SoftwareStartInjectedConv
                0x00000000       0x20 ..\obj\stm32f4xx_adc.o
 .text.ADC_GetSoftwareStartInjectedConvCmdStatus
                0x00000000       0x30 ..\obj\stm32f4xx_adc.o
 .text.ADC_AutoInjectedConvCmd
                0x00000000       0x38 ..\obj\stm32f4xx_adc.o
 .text.ADC_InjectedDiscModeCmd
                0x00000000       0x38 ..\obj\stm32f4xx_adc.o
 .text.ADC_GetInjectedConversionValue
                0x00000000       0x30 ..\obj\stm32f4xx_adc.o
 .text.ADC_ITConfig
                0x00000000       0x50 ..\obj\stm32f4xx_adc.o
 .text.ADC_GetFlagStatus
                0x00000000       0x34 ..\obj\stm32f4xx_adc.o
 .text.ADC_ClearFlag
                0x00000000       0x20 ..\obj\stm32f4xx_adc.o
 .text.ADC_GetITStatus
                0x00000000       0x5c ..\obj\stm32f4xx_adc.o
 .text.ADC_ClearITPendingBit
                0x00000000       0x2c ..\obj\stm32f4xx_adc.o
 .text          0x00000000        0x0 ..\obj\printf.o
 .bss           0x00000000        0x0 ..\obj\printf.o
 .text.snprintf
                0x00000000       0x30 ..\obj\printf.o
 .text.fprintf  0x00000000       0x2c ..\obj\printf.o
 .text.sprintf  0x00000000       0x2c ..\obj\printf.o
 .text.puts     0x00000000       0x24 ..\obj\printf.o
 .text          0x00000000        0x0 ..\obj\PeripheralSetup.o
 .data          0x00000000        0x0 ..\obj\PeripheralSetup.o
 .bss           0x00000000        0x0 ..\obj\PeripheralSetup.o
 .text.BoardLEDInit
                0x00000000       0x3c ..\obj\PeripheralSetup.o
 .text.SensorRead
                0x00000000       0x90 ..\obj\PeripheralSetup.o
 .text          0x00000000        0x0 ..\obj\stm32f4xx_gpio.o
 .data          0x00000000        0x0 ..\obj\stm32f4xx_gpio.o
 .bss           0x00000000        0x0 ..\obj\stm32f4xx_gpio.o
 .text.GPIO_DeInit
                0x00000000      0x120 ..\obj\stm32f4xx_gpio.o
 .text.GPIO_StructInit
                0x00000000       0x34 ..\obj\stm32f4xx_gpio.o
 .text.GPIO_PinLockConfig
                0x00000000       0x44 ..\obj\stm32f4xx_gpio.o
 .text.GPIO_ReadInputData
                0x00000000       0x18 ..\obj\stm32f4xx_gpio.o
 .text.GPIO_ReadOutputDataBit
                0x00000000       0x34 ..\obj\stm32f4xx_gpio.o
 .text.GPIO_ReadOutputData
                0x00000000       0x18 ..\obj\stm32f4xx_gpio.o
 .text.GPIO_ResetBits
                0x00000000       0x1c ..\obj\stm32f4xx_gpio.o
 .text.GPIO_WriteBit
                0x00000000       0x30 ..\obj\stm32f4xx_gpio.o
 .text.GPIO_Write
                0x00000000       0x1c ..\obj\stm32f4xx_gpio.o
 .text.GPIO_PinAFConfig
                0x00000000       0x90 ..\obj\stm32f4xx_gpio.o
 .data          0x00000000        0x0 ..\obj\sh_cmd.o
 .bss           0x00000000        0x0 ..\obj\sh_cmd.o
 .text          0x00000000        0x0 ..\obj\system_stm32f4xx.o
 .bss           0x00000000        0x0 ..\obj\system_stm32f4xx.o
 .text.SystemCoreClockUpdate
                0x00000000       0xf8 ..\obj\system_stm32f4xx.o
 .text          0x00000000        0x0 ..\obj\syscalls.o
 .data          0x00000000        0x0 ..\obj\syscalls.o
 .bss           0x00000000        0x4 ..\obj\syscalls.o
 .text._sbrk    0x00000000       0x3c ..\obj\syscalls.o
 .text.link     0x00000000       0x18 ..\obj\syscalls.o
 .text._close   0x00000000       0x18 ..\obj\syscalls.o
 .text._fstat   0x00000000       0x20 ..\obj\syscalls.o
 .text._isatty  0x00000000       0x14 ..\obj\syscalls.o
 .text._lseek   0x00000000       0x18 ..\obj\syscalls.o
 .text._read    0x00000000       0x18 ..\obj\syscalls.o
 .text._write   0x00000000       0x18 ..\obj\syscalls.o
 .text.abort    0x00000000        0x8 ..\obj\syscalls.o
 .debug_info    0x00000000      0x3f5 ..\obj\syscalls.o
 .debug_abbrev  0x00000000       0xe5 ..\obj\syscalls.o
 .debug_aranges
                0x00000000       0x60 ..\obj\syscalls.o
 .debug_ranges  0x00000000       0x50 ..\obj\syscalls.o
 .debug_line    0x00000000      0x188 ..\obj\syscalls.o
 .debug_str     0x00000000      0x2f6 ..\obj\syscalls.o
 .comment       0x00000000       0x6f ..\obj\syscalls.o
 .debug_frame   0x00000000      0x168 ..\obj\syscalls.o
 .ARM.attributes
                0x00000000       0x33 ..\obj\syscalls.o
 .text          0x00000000        0x0 ..\obj\stm32f4xx_dma.o
 .data          0x00000000        0x0 ..\obj\stm32f4xx_dma.o
 .bss           0x00000000        0x0 ..\obj\stm32f4xx_dma.o
 .text.DMA_StructInit
                0x00000000       0x6c ..\obj\stm32f4xx_dma.o
 .text.DMA_PeriphIncOffsetSizeConfig
                0x00000000       0x34 ..\obj\stm32f4xx_dma.o
 .text.DMA_FlowControllerConfig
                0x00000000       0x34 ..\obj\stm32f4xx_dma.o
 .text.DMA_SetCurrDataCounter
                0x00000000       0x1c ..\obj\stm32f4xx_dma.o
 .text.DMA_GetCurrDataCounter
                0x00000000       0x18 ..\obj\stm32f4xx_dma.o
 .text.DMA_DoubleBufferModeConfig
                0x00000000       0x3c ..\obj\stm32f4xx_dma.o
 .text.DMA_DoubleBufferModeCmd
                0x00000000       0x38 ..\obj\stm32f4xx_dma.o
 .text.DMA_MemoryTargetConfig
                0x00000000       0x2c ..\obj\stm32f4xx_dma.o
 .text.DMA_GetCurrentMemoryTarget
                0x00000000       0x30 ..\obj\stm32f4xx_dma.o
 .text.DMA_GetCmdStatus
                0x00000000       0x30 ..\obj\stm32f4xx_dma.o
 .text.DMA_GetFIFOStatus
                0x00000000       0x24 ..\obj\stm32f4xx_dma.o
 .text.DMA_GetFlagStatus
                0x00000000       0x74 ..\obj\stm32f4xx_dma.o
 .text.DMA_ClearFlag
                0x00000000       0x5c ..\obj\stm32f4xx_dma.o
 .text.DMA_ITConfig
                0x00000000       0x74 ..\obj\stm32f4xx_dma.o
 .text.DMA_GetITStatus
                0x00000000       0xac ..\obj\stm32f4xx_dma.o
 .text.DMA_ClearITPendingBit
                0x00000000       0x5c ..\obj\stm32f4xx_dma.o

Memory Configuration

Name             Origin             Length             Attributes
rom              0x08000000         0x00100000         xr
ram              0x20000000         0x00020000         xrw
ram1             0x10000000         0x00010000         xrw
*default*        0x00000000         0xffffffff

Linker script and memory map

                0x20020000                _eram = 0x20020000

.text           0x08000000     0x1630
 *(.isr_vector)
 .isr_vector    0x08000000      0x188 ..\obj\startup_stm32f4xx.o
                0x08000000                g_pfnVectors
 *(.text*)
 .text.SH_SendChar
                0x08000188       0x64 ..\obj\semihosting.o
                0x08000188                SH_SendChar
 .text.NVIC_SetPriority
                0x080001ec       0x54 ..\obj\delay.o
 .text.SysTick_Config
                0x08000240       0x44 ..\obj\delay.o
 .text.SysTick_Init
                0x08000284       0x2c ..\obj\delay.o
                0x08000284                SysTick_Init
 .text.TimeTick_Decrement
                0x080002b0       0x24 ..\obj\delay.o
                0x080002b0                TimeTick_Decrement
 .text.delay_1ms
                0x080002d4       0x24 ..\obj\delay.o
                0x080002d4                delay_1ms
 .text.delay_nms
                0x080002f8       0x20 ..\obj\delay.o
                0x080002f8                delay_nms
 .text.Default_Reset_Handler
                0x08000318       0x60 ..\obj\startup_stm32f4xx.o
                0x08000318                Default_Reset_Handler
                0x08000318                Reset_Handler
 .text.Default_Handler
                0x08000378        0x8 ..\obj\startup_stm32f4xx.o
                0x08000378                RTC_Alarm_IRQHandler
                0x08000378                HASH_RNG_IRQHandler
                0x08000378                EXTI2_IRQHandler
                0x08000378                TIM8_CC_IRQHandler
                0x08000378                DebugMon_Handler
                0x08000378                TIM1_CC_IRQHandler
                0x08000378                DMA2_Stream5_IRQHandler
                0x08000378                DMA1_Stream5_IRQHandler
                0x08000378                PVD_IRQHandler
                0x08000378                SDIO_IRQHandler
                0x08000378                TAMP_STAMP_IRQHandler
                0x08000378                PendSV_Handler
                0x08000378                NMI_Handler
                0x08000378                CAN2_RX1_IRQHandler
                0x08000378                EXTI3_IRQHandler
                0x08000378                TIM8_TRG_COM_TIM14_IRQHandler
                0x08000378                TIM1_UP_TIM10_IRQHandler
                0x08000378                TIM8_UP_TIM13_IRQHandler
                0x08000378                I2C3_ER_IRQHandler
                0x08000378                EXTI0_IRQHandler
                0x08000378                I2C2_EV_IRQHandler
                0x08000378                DMA1_Stream2_IRQHandler
                0x08000378                CAN1_RX0_IRQHandler
                0x08000378                FPU_IRQHandler
                0x08000378                OTG_HS_WKUP_IRQHandler
                0x08000378                UsageFault_Handler
                0x08000378                CAN2_SCE_IRQHandler
                0x08000378                DMA2_Stream2_IRQHandler
                0x08000378                SPI1_IRQHandler
                0x08000378                TIM6_DAC_IRQHandler
                0x08000378                TIM1_BRK_TIM9_IRQHandler
                0x08000378                DCMI_IRQHandler
                0x08000378                CAN2_RX0_IRQHandler
                0x08000378                DMA2_Stream3_IRQHandler
                0x08000378                USART6_IRQHandler
                0x08000378                USART3_IRQHandler
                0x08000378                CRYP_IRQHandler
                0x08000378                CAN1_RX1_IRQHandler
                0x08000378                UART5_IRQHandler
                0x08000378                DMA2_Stream0_IRQHandler
                0x08000378                TIM4_IRQHandler
                0x08000378                I2C1_EV_IRQHandler
                0x08000378                DMA1_Stream6_IRQHandler
                0x08000378                DMA1_Stream1_IRQHandler
                0x08000378                UART4_IRQHandler
                0x08000378                TIM3_IRQHandler
                0x08000378                RCC_IRQHandler
                0x08000378                TIM8_BRK_TIM12_IRQHandler
                0x08000378                EXTI15_10_IRQHandler
                0x08000378                ADC_IRQHandler
                0x08000378                DMA1_Stream7_IRQHandler
                0x08000378                TIM7_IRQHandler
                0x08000378                CAN2_TX_IRQHandler
                0x08000378                TIM5_IRQHandler
                0x08000378                DMA2_Stream7_IRQHandler
                0x08000378                I2C3_EV_IRQHandler
                0x08000378                EXTI9_5_IRQHandler
                0x08000378                RTC_WKUP_IRQHandler
                0x08000378                ETH_WKUP_IRQHandler
                0x08000378                SPI2_IRQHandler
                0x08000378                OTG_HS_EP1_IN_IRQHandler
                0x08000378                MemManage_Handler
                0x08000378                DMA1_Stream0_IRQHandler
                0x08000378                CAN1_TX_IRQHandler
                0x08000378                SVC_Handler
                0x08000378                EXTI4_IRQHandler
                0x08000378                FSMC_IRQHandler
                0x08000378                ETH_IRQHandler
                0x08000378                OTG_HS_EP1_OUT_IRQHandler
                0x08000378                WWDG_IRQHandler
                0x08000378                TIM2_IRQHandler
                0x08000378                OTG_FS_WKUP_IRQHandler
                0x08000378                TIM1_TRG_COM_TIM11_IRQHandler
                0x08000378                OTG_HS_IRQHandler
                0x08000378                EXTI1_IRQHandler
                0x08000378                USART2_IRQHandler
                0x08000378                I2C2_ER_IRQHandler
                0x08000378                DMA2_Stream1_IRQHandler
                0x08000378                CAN1_SCE_IRQHandler
                0x08000378                FLASH_IRQHandler
                0x08000378                DMA2_Stream4_IRQHandler
                0x08000378                BusFault_Handler
                0x08000378                USART1_IRQHandler
                0x08000378                OTG_FS_IRQHandler
                0x08000378                SPI3_IRQHandler
                0x08000378                DMA1_Stream4_IRQHandler
                0x08000378                I2C1_ER_IRQHandler
                0x08000378                DMA2_Stream6_IRQHandler
                0x08000378                DMA1_Stream3_IRQHandler
 .text.main     0x08000380       0xcc ..\obj\main.o
                0x08000380                main
 .text.SysTick_Handler
                0x0800044c        0xc ..\obj\main.o
                0x0800044c                SysTick_Handler
 .text.RCC_AHB1PeriphClockCmd
                0x08000458       0x3c ..\obj\stm32f4xx_rcc.o
                0x08000458                RCC_AHB1PeriphClockCmd
 .text.RCC_APB2PeriphClockCmd
                0x08000494       0x3c ..\obj\stm32f4xx_rcc.o
                0x08000494                RCC_APB2PeriphClockCmd
 .text.ADC_Init
                0x080004d0       0xa8 ..\obj\stm32f4xx_adc.o
                0x080004d0                ADC_Init
 .text.ADC_CommonInit
                0x08000578       0x50 ..\obj\stm32f4xx_adc.o
                0x08000578                ADC_CommonInit
 .text.ADC_Cmd  0x080005c8       0x38 ..\obj\stm32f4xx_adc.o
                0x080005c8                ADC_Cmd
 .text.ADC_RegularChannelConfig
                0x08000600      0x194 ..\obj\stm32f4xx_adc.o
                0x08000600                ADC_RegularChannelConfig
 .text.ADC_SoftwareStartConv
                0x08000794       0x20 ..\obj\stm32f4xx_adc.o
                0x08000794                ADC_SoftwareStartConv
 .text.ADC_DMACmd
                0x080007b4       0x38 ..\obj\stm32f4xx_adc.o
                0x080007b4                ADC_DMACmd
 .text.ADC_DMARequestAfterLastTransferCmd
                0x080007ec       0x38 ..\obj\stm32f4xx_adc.o
                0x080007ec                ADC_DMARequestAfterLastTransferCmd
 .text.PrintChar
                0x08000824       0x1c ..\obj\printf.o
                0x08000824                PrintChar
 .text.PutChar  0x08000840       0x20 ..\obj\printf.o
                0x08000840                PutChar
 .text.PutString
                0x08000860       0x3c ..\obj\printf.o
                0x08000860                PutString
 .text.PutUnsignedInt
                0x0800089c       0x9c ..\obj\printf.o
                0x0800089c                PutUnsignedInt
 .text.PutSignedInt
                0x08000938       0xf8 ..\obj\printf.o
                0x08000938                PutSignedInt
 .text.PutHexa  0x08000a30       0xd4 ..\obj\printf.o
                0x08000a30                PutHexa
 .text.vsnprintf
                0x08000b04      0x254 ..\obj\printf.o
                0x08000b04                vsnprintf
 .text.vsprintf
                0x08000d58       0x24 ..\obj\printf.o
                0x08000d58                vsprintf
 .text.vfprintf
                0x08000d7c       0x68 ..\obj\printf.o
                0x08000d7c                vfprintf
 .text.vprintf  0x08000de4       0x28 ..\obj\printf.o
                0x08000de4                vprintf
 .text.printf   0x08000e0c       0x28 ..\obj\printf.o
                0x08000e0c                printf
 .text.fputc    0x08000e34       0x40 ..\obj\printf.o
                0x08000e34                fputc
 .text.fputs    0x08000e74       0x48 ..\obj\printf.o
                0x08000e74                fputs
 .text.PeripheralsInit
                0x08000ebc      0x138 ..\obj\PeripheralSetup.o
                0x08000ebc                PeripheralsInit
 .text.PushButtonInit
                0x08000ff4       0x38 ..\obj\PeripheralSetup.o
                0x08000ff4                PushButtonInit
 .text.TapLedInit
                0x0800102c       0x38 ..\obj\PeripheralSetup.o
                0x0800102c                TapLedInit
 .text.GPIO_Init
                0x08001064      0x11c ..\obj\stm32f4xx_gpio.o
                0x08001064                GPIO_Init
 .text.GPIO_ReadInputDataBit
                0x08001180       0x34 ..\obj\stm32f4xx_gpio.o
                0x08001180                GPIO_ReadInputDataBit
 .text.GPIO_SetBits
                0x080011b4       0x1c ..\obj\stm32f4xx_gpio.o
                0x080011b4                GPIO_SetBits
 .text.GPIO_ToggleBits
                0x080011d0       0x24 ..\obj\stm32f4xx_gpio.o
                0x080011d0                GPIO_ToggleBits
 .text          0x080011f4       0x26 ..\obj\sh_cmd.o
                0x080011f4                SH_DoCommand
                0x08001206                HardFault_Handler
 *fill*         0x0800121a        0x2 
 .text.SystemInit
                0x0800121c       0x5c ..\obj\system_stm32f4xx.o
                0x0800121c                SystemInit
 .text.SetSysClock
                0x08001278       0xf4 ..\obj\system_stm32f4xx.o
 .text.DMA_DeInit
                0x0800136c      0x1a4 ..\obj\stm32f4xx_dma.o
                0x0800136c                DMA_DeInit
 .text.DMA_Init
                0x08001510       0xac ..\obj\stm32f4xx_dma.o
                0x08001510                DMA_Init
 .text.DMA_Cmd  0x080015bc       0x38 ..\obj\stm32f4xx_dma.o
                0x080015bc                DMA_Cmd
 *(.init)
 *(.fini)
 *crtbegin.o(.ctors)
 *crtbegin?.o(.ctors)
 *(EXCLUDE_FILE(*crtend.o *crtend?.o) .ctors)
 *(SORT(.ctors.*))
 *(.ctors)
 *crtbegin.o(.dtors)
 *crtbegin?.o(.dtors)
 *(EXCLUDE_FILE(*crtend.o *crtend?.o) .dtors)
 *(SORT(.dtors.*))
 *(.dtors)
 *(.rodata*)
 .rodata        0x080015f4       0x17 ..\obj\main.o
                0x080015f4                tap
                0x080015f8                squeeze
                0x080015fc                spin
 *fill*         0x0800160b        0x1 
 .rodata        0x0800160c       0x24 ..\obj\printf.o
 *(.eh_fram e*)

.glue_7         0x08001630        0x0
 .glue_7        0x08001630        0x0 linker stubs

.glue_7t        0x08001630        0x0
 .glue_7t       0x08001630        0x0 linker stubs

.vfp11_veneer   0x08001630        0x0
 .vfp11_veneer  0x08001630        0x0 linker stubs

.v4_bx          0x08001630        0x0
 .v4_bx         0x08001630        0x0 linker stubs

.iplt           0x08001630        0x0
 .iplt          0x08001630        0x0 ..\obj\semihosting.o

.rel.dyn        0x08001630        0x0
 .rel.iplt      0x08001630        0x0 ..\obj\semihosting.o

.ARM.extab
 *(.ARM.extab* .gnu.linkonce.armextab.*)
                0x08001630                __exidx_start = .

.ARM.exidx
 *(.ARM.exidx* .gnu.linkonce.armexidx.*)
                0x08001630                __exidx_end = .
                0x08001630                __etext = .
                0x08001630                _sidata = __etext

.data           0x20000000      0x440 load address 0x08001630
                0x20000000                __data_start__ = .
                0x20000000                _sdata = __data_start__
 *(vtable)
 *(.data*)
 .data          0x20000000      0x42c ..\obj\printf.o
                0x20000000                r
                0x20000428                _impure_ptr
 .data          0x2000042c       0x14 ..\obj\system_stm32f4xx.o
                0x2000042c                SystemCoreClock
                0x20000430                AHBPrescTable
                0x20000440                . = ALIGN (0x4)
                [!provide]                PROVIDE (__preinit_array_start, .)
 *(.preinit_array)
                [!provide]                PROVIDE (__preinit_array_end, .)
                0x20000440                . = ALIGN (0x4)
                [!provide]                PROVIDE (__init_array_start, .)
 *(SORT(.init_array.*))
 *(.init_array)
                [!provide]                PROVIDE (__init_array_end, .)
                0x20000440                . = ALIGN (0x4)
                [!provide]                PROVIDE (__fini_array_start, .)
 *(SORT(.fini_array.*))
 *(.fini_array)
                [!provide]                PROVIDE (__fini_array_end, .)
 *(.jcr*)
                0x20000440                . = ALIGN (0x4)
                0x20000440                __data_end__ = .
                0x20000440                _edata = __data_end__

.igot.plt       0x20000440        0x0 load address 0x08001a70
 .igot.plt      0x20000440        0x0 ..\obj\semihosting.o

.bss            0x20000440       0x1c load address 0x08001a70
                0x20000440                . = ALIGN (0x4)
                0x20000440                __bss_start__ = .
                0x20000440                _sbss = __bss_start__
 *(.bss*)
 .bss           0x20000440       0x11 ..\obj\semihosting.o
 *fill*         0x20000451        0x3 
 .bss           0x20000454        0x4 ..\obj\delay.o
 *(COMMON)
 COMMON         0x20000458        0x4 ..\obj\main.o
                0x20000458                ADCConvertedValues
                0x2000045c                . = ALIGN (0x4)
                0x2000045c                __bss_end__ = .
                0x2000045c                _ebss = __bss_end__

.heap           0x2000045c        0x0
                0x2000045c                __end__ = .
                0x2000045c                _end = __end__
                0x2000045c                end = __end__
 *(.heap*)
                0x2000045c                __HeapLimit = .

.co_stack       0x2000045c      0x804 load address 0x08001a8c
                0x20000460                . = ALIGN (0x8)
 *fill*         0x2000045c        0x4 
 *(.co_stack .co_stack.*)
 .co_stack      0x20000460      0x800 ..\obj\startup_stm32f4xx.o
                0x20000460                pulStack
                0x20020000                __StackTop = (ORIGIN (ram) + LENGTH (ram))
                0x2001f7fc                __StackLimit = (__StackTop - SIZEOF (.co_stack))
                [!provide]                PROVIDE (__stack, __StackTop)
                0x00000001                ASSERT ((__StackLimit >= __HeapLimit), region ram  overflowed with stack)
LOAD ..\obj\semihosting.o
LOAD ..\obj\delay.o
LOAD ..\obj\startup_stm32f4xx.o
LOAD ..\obj\main.o
LOAD ..\obj\stm32f4xx_rcc.o
LOAD ..\obj\stm32f4xx_adc.o
LOAD ..\obj\printf.o
LOAD ..\obj\PeripheralSetup.o
LOAD ..\obj\stm32f4xx_gpio.o
LOAD ..\obj\sh_cmd.o
LOAD ..\obj\system_stm32f4xx.o
LOAD ..\obj\syscalls.o
LOAD ..\obj\stm32f4xx_dma.o
START GROUP
LOAD c:/program files (x86)/gnu tools arm embedded/5.3 2016q1/bin/../lib/gcc/arm-none-eabi/5.3.1/armv7e-m\libgcc.a
LOAD c:/program files (x86)/gnu tools arm embedded/5.3 2016q1/bin/../lib/gcc/arm-none-eabi/5.3.1/../../../../arm-none-eabi/lib/armv7e-m\libg.a
LOAD c:/program files (x86)/gnu tools arm embedded/5.3 2016q1/bin/../lib/gcc/arm-none-eabi/5.3.1/../../../../arm-none-eabi/lib/armv7e-m\libc.a
END GROUP
OUTPUT(M2M_Peripherals_Integration.elf elf32-littlearm)

.debug_info     0x00000000     0x4d30
 .debug_info    0x00000000      0x132 ..\obj\semihosting.o
 .debug_info    0x00000132      0x722 ..\obj\delay.o
 .debug_info    0x00000854       0xf2 ..\obj\startup_stm32f4xx.o
 .debug_info    0x00000946      0x276 ..\obj\main.o
 .debug_info    0x00000bbc      0xc63 ..\obj\stm32f4xx_rcc.o
 .debug_info    0x0000181f      0xc40 ..\obj\stm32f4xx_adc.o
 .debug_info    0x0000245f      0xe3d ..\obj\printf.o
 .debug_info    0x0000329c      0x6bd ..\obj\PeripheralSetup.o
 .debug_info    0x00003959      0x61a ..\obj\stm32f4xx_gpio.o
 .debug_info    0x00003f73       0xb7 ..\obj\sh_cmd.o
 .debug_info    0x0000402a      0x5c5 ..\obj\system_stm32f4xx.o
 .debug_info    0x000045ef      0x741 ..\obj\stm32f4xx_dma.o

.debug_abbrev   0x00000000      0xfa0
 .debug_abbrev  0x00000000       0xab ..\obj\semihosting.o
 .debug_abbrev  0x000000ab      0x1d6 ..\obj\delay.o
 .debug_abbrev  0x00000281       0xb0 ..\obj\startup_stm32f4xx.o
 .debug_abbrev  0x00000331      0x105 ..\obj\main.o
 .debug_abbrev  0x00000436      0x1e5 ..\obj\stm32f4xx_rcc.o
 .debug_abbrev  0x0000061b      0x198 ..\obj\stm32f4xx_adc.o
 .debug_abbrev  0x000007b3      0x262 ..\obj\printf.o
 .debug_abbrev  0x00000a15      0x141 ..\obj\PeripheralSetup.o
 .debug_abbrev  0x00000b56      0x1a7 ..\obj\stm32f4xx_gpio.o
 .debug_abbrev  0x00000cfd       0x14 ..\obj\sh_cmd.o
 .debug_abbrev  0x00000d11      0x138 ..\obj\system_stm32f4xx.o
 .debug_abbrev  0x00000e49      0x157 ..\obj\stm32f4xx_dma.o

.debug_aranges  0x00000000      0x5f8
 .debug_aranges
                0x00000000       0x30 ..\obj\semihosting.o
 .debug_aranges
                0x00000030       0x50 ..\obj\delay.o
 .debug_aranges
                0x00000080       0x28 ..\obj\startup_stm32f4xx.o
 .debug_aranges
                0x000000a8       0x28 ..\obj\main.o
 .debug_aranges
                0x000000d0      0x178 ..\obj\stm32f4xx_rcc.o
 .debug_aranges
                0x00000248      0x148 ..\obj\stm32f4xx_adc.o
 .debug_aranges
                0x00000390       0xa0 ..\obj\printf.o
 .debug_aranges
                0x00000430       0x40 ..\obj\PeripheralSetup.o
 .debug_aranges
                0x00000470       0x88 ..\obj\stm32f4xx_gpio.o
 .debug_aranges
                0x000004f8       0x20 ..\obj\sh_cmd.o
 .debug_aranges
                0x00000518       0x30 ..\obj\system_stm32f4xx.o
 .debug_aranges
                0x00000548       0xb0 ..\obj\stm32f4xx_dma.o

.debug_ranges   0x00000000      0x528
 .debug_ranges  0x00000000       0x20 ..\obj\semihosting.o
 .debug_ranges  0x00000020       0x40 ..\obj\delay.o
 .debug_ranges  0x00000060       0x18 ..\obj\startup_stm32f4xx.o
 .debug_ranges  0x00000078       0x18 ..\obj\main.o
 .debug_ranges  0x00000090      0x168 ..\obj\stm32f4xx_rcc.o
 .debug_ranges  0x000001f8      0x138 ..\obj\stm32f4xx_adc.o
 .debug_ranges  0x00000330       0x90 ..\obj\printf.o
 .debug_ranges  0x000003c0       0x30 ..\obj\PeripheralSetup.o
 .debug_ranges  0x000003f0       0x78 ..\obj\stm32f4xx_gpio.o
 .debug_ranges  0x00000468       0x20 ..\obj\system_stm32f4xx.o
 .debug_ranges  0x00000488       0xa0 ..\obj\stm32f4xx_dma.o

.debug_line     0x00000000     0x2192
 .debug_line    0x00000000       0xb0 ..\obj\semihosting.o
 .debug_line    0x000000b0      0x25f ..\obj\delay.o
 .debug_line    0x0000030f       0xa4 ..\obj\startup_stm32f4xx.o
 .debug_line    0x000003b3      0x1da ..\obj\main.o
 .debug_line    0x0000058d      0x5cd ..\obj\stm32f4xx_rcc.o
 .debug_line    0x00000b5a      0x585 ..\obj\stm32f4xx_adc.o
 .debug_line    0x000010df      0x379 ..\obj\printf.o
 .debug_line    0x00001458      0x2d9 ..\obj\PeripheralSetup.o
 .debug_line    0x00001731      0x388 ..\obj\stm32f4xx_gpio.o
 .debug_line    0x00001ab9       0x81 ..\obj\sh_cmd.o
 .debug_line    0x00001b3a      0x206 ..\obj\system_stm32f4xx.o
 .debug_line    0x00001d40      0x452 ..\obj\stm32f4xx_dma.o

.debug_str      0x00000000     0x23c7
 .debug_str     0x00000000      0x15f ..\obj\semihosting.o
                                0x198 (size before relaxing)
 .debug_str     0x0000015f      0x6c5 ..\obj\delay.o
                                0x7ec (size before relaxing)
 .debug_str     0x00000824       0xb2 ..\obj\startup_stm32f4xx.o
                                0x149 (size before relaxing)
 .debug_str     0x000008d6      0x158 ..\obj\main.o
                                0x2ae (size before relaxing)
 .debug_str     0x00000a2e      0x684 ..\obj\stm32f4xx_rcc.o
                                0x852 (size before relaxing)
 .debug_str     0x000010b2      0x64a ..\obj\stm32f4xx_adc.o
                                0x806 (size before relaxing)
 .debug_str     0x000016fc      0x4ca ..\obj\printf.o
                                0x685 (size before relaxing)
 .debug_str     0x00001bc6      0x353 ..\obj\PeripheralSetup.o
                                0x6c4 (size before relaxing)
 .debug_str     0x00001f19      0x195 ..\obj\stm32f4xx_gpio.o
                                0x4a5 (size before relaxing)
 .debug_str     0x000020ae       0xb6 ..\obj\system_stm32f4xx.o
                                0x3ac (size before relaxing)
 .debug_str     0x00002164      0x263 ..\obj\stm32f4xx_dma.o
                                0x544 (size before relaxing)

.comment        0x00000000       0x6e
 .comment       0x00000000       0x6e ..\obj\semihosting.o
                                 0x6f (size before relaxing)
 .comment       0x0000006e       0x6f ..\obj\delay.o
 .comment       0x0000006e       0x6f ..\obj\startup_stm32f4xx.o
 .comment       0x0000006e       0x6f ..\obj\main.o
 .comment       0x0000006e       0x6f ..\obj\stm32f4xx_rcc.o
 .comment       0x0000006e       0x6f ..\obj\stm32f4xx_adc.o
 .comment       0x0000006e       0x6f ..\obj\printf.o
 .comment       0x0000006e       0x6f ..\obj\PeripheralSetup.o
 .comment       0x0000006e       0x6f ..\obj\stm32f4xx_gpio.o
 .comment       0x0000006e       0x6f ..\obj\system_stm32f4xx.o
 .comment       0x0000006e       0x6f ..\obj\stm32f4xx_dma.o

.ARM.attributes
                0x00000000       0x31
 .ARM.attributes
                0x00000000       0x33 ..\obj\semihosting.o
 .ARM.attributes
                0x00000033       0x33 ..\obj\delay.o
 .ARM.attributes
                0x00000066       0x33 ..\obj\startup_stm32f4xx.o
 .ARM.attributes
                0x00000099       0x33 ..\obj\main.o
 .ARM.attributes
                0x000000cc       0x33 ..\obj\stm32f4xx_rcc.o
 .ARM.attributes
                0x000000ff       0x33 ..\obj\stm32f4xx_adc.o
 .ARM.attributes
                0x00000132       0x33 ..\obj\printf.o
 .ARM.attributes
                0x00000165       0x33 ..\obj\PeripheralSetup.o
 .ARM.attributes
                0x00000198       0x33 ..\obj\stm32f4xx_gpio.o
 .ARM.attributes
                0x000001cb       0x21 ..\obj\sh_cmd.o
 .ARM.attributes
                0x000001ec       0x33 ..\obj\system_stm32f4xx.o
 .ARM.attributes
                0x0000021f       0x33 ..\obj\stm32f4xx_dma.o

.debug_frame    0x00000000     0x1834
 .debug_frame   0x00000000       0x7c ..\obj\semihosting.o
 .debug_frame   0x0000007c      0x104 ..\obj\delay.o
 .debug_frame   0x00000180       0x4c ..\obj\startup_stm32f4xx.o
 .debug_frame   0x000001cc       0x4c ..\obj\main.o
 .debug_frame   0x00000218      0x6d4 ..\obj\stm32f4xx_rcc.o
 .debug_frame   0x000008ec      0x5ec ..\obj\stm32f4xx_adc.o
 .debug_frame   0x00000ed8      0x2d8 ..\obj\printf.o
 .debug_frame   0x000011b0       0xc4 ..\obj\PeripheralSetup.o
 .debug_frame   0x00001274      0x23c ..\obj\stm32f4xx_gpio.o
 .debug_frame   0x000014b0       0x7c ..\obj\system_stm32f4xx.o
 .debug_frame   0x0000152c      0x308 ..\obj\stm32f4xx_dma.o
