Archive member included to satisfy reference by file (symbol)

c:/program files (x86)/gnu tools arm embedded/5.3 2016q1/bin/../lib/gcc/arm-none-eabi/5.3.1/../../../../arm-none-eabi/lib/armv7e-m\libg.a(lib_a-strcmp.o)
                              ..\obj\PeripheralSetup.o (strcmp)

Discarded input sections

 .text          0x00000000        0x0 ..\obj\semihosting.o
 .data          0x00000000        0x0 ..\obj\semihosting.o
 .text.SH_SendString
                0x00000000       0x20 ..\obj\semihosting.o
 .text.SH_GetChar
                0x00000000       0x40 ..\obj\semihosting.o
 .text          0x00000000        0x0 ..\obj\delay.o
 .data          0x00000000        0x0 ..\obj\delay.o
 .text.delay_nus
                0x00000000       0x28 ..\obj\delay.o
 .text          0x00000000        0x0 ..\obj\startup_stm32f4xx.o
 .data          0x00000000        0x0 ..\obj\startup_stm32f4xx.o
 .bss           0x00000000        0x0 ..\obj\startup_stm32f4xx.o
 .text          0x00000000        0x0 ..\obj\main.o
 .data          0x00000000        0x0 ..\obj\main.o
 .bss           0x00000000        0x0 ..\obj\main.o
 .text          0x00000000        0x0 ..\obj\stm32f4xx_rcc.o
 .data          0x00000000       0x10 ..\obj\stm32f4xx_rcc.o
 .bss           0x00000000        0x0 ..\obj\stm32f4xx_rcc.o
 .text.RCC_DeInit
                0x00000000       0x50 ..\obj\stm32f4xx_rcc.o
 .text.RCC_HSEConfig
                0x00000000       0x24 ..\obj\stm32f4xx_rcc.o
 .text.RCC_WaitForHSEStartUp
                0x00000000       0x50 ..\obj\stm32f4xx_rcc.o
 .text.RCC_AdjustHSICalibrationValue
                0x00000000       0x3c ..\obj\stm32f4xx_rcc.o
 .text.RCC_HSICmd
                0x00000000       0x20 ..\obj\stm32f4xx_rcc.o
 .text.RCC_LSEConfig
                0x00000000       0x40 ..\obj\stm32f4xx_rcc.o
 .text.RCC_LSICmd
                0x00000000       0x20 ..\obj\stm32f4xx_rcc.o
 .text.RCC_PLLConfig
                0x00000000       0x3c ..\obj\stm32f4xx_rcc.o
 .text.RCC_PLLCmd
                0x00000000       0x20 ..\obj\stm32f4xx_rcc.o
 .text.RCC_PLLI2SConfig
                0x00000000       0x28 ..\obj\stm32f4xx_rcc.o
 .text.RCC_PLLI2SCmd
                0x00000000       0x20 ..\obj\stm32f4xx_rcc.o
 .text.RCC_ClockSecuritySystemCmd
                0x00000000       0x20 ..\obj\stm32f4xx_rcc.o
 .text.RCC_MCO1Config
                0x00000000       0x3c ..\obj\stm32f4xx_rcc.o
 .text.RCC_MCO2Config
                0x00000000       0x3c ..\obj\stm32f4xx_rcc.o
 .text.RCC_SYSCLKConfig
                0x00000000       0x38 ..\obj\stm32f4xx_rcc.o
 .text.RCC_GetSYSCLKSource
                0x00000000       0x1c ..\obj\stm32f4xx_rcc.o
 .text.RCC_HCLKConfig
                0x00000000       0x38 ..\obj\stm32f4xx_rcc.o
 .text.RCC_PCLK1Config
                0x00000000       0x38 ..\obj\stm32f4xx_rcc.o
 .text.RCC_PCLK2Config
                0x00000000       0x38 ..\obj\stm32f4xx_rcc.o
 .text.RCC_GetClocksFreq
                0x00000000      0x154 ..\obj\stm32f4xx_rcc.o
 .text.RCC_RTCCLKConfig
                0x00000000       0x5c ..\obj\stm32f4xx_rcc.o
 .text.RCC_RTCCLKCmd
                0x00000000       0x20 ..\obj\stm32f4xx_rcc.o
 .text.RCC_BackupResetCmd
                0x00000000       0x20 ..\obj\stm32f4xx_rcc.o
 .text.RCC_I2SCLKConfig
                0x00000000       0x1c ..\obj\stm32f4xx_rcc.o
 .text.RCC_AHB2PeriphClockCmd
                0x00000000       0x3c ..\obj\stm32f4xx_rcc.o
 .text.RCC_AHB3PeriphClockCmd
                0x00000000       0x3c ..\obj\stm32f4xx_rcc.o
 .text.RCC_APB1PeriphClockCmd
                0x00000000       0x3c ..\obj\stm32f4xx_rcc.o
 .text.RCC_AHB1PeriphResetCmd
                0x00000000       0x3c ..\obj\stm32f4xx_rcc.o
 .text.RCC_AHB2PeriphResetCmd
                0x00000000       0x3c ..\obj\stm32f4xx_rcc.o
 .text.RCC_AHB3PeriphResetCmd
                0x00000000       0x3c ..\obj\stm32f4xx_rcc.o
 .text.RCC_APB1PeriphResetCmd
                0x00000000       0x3c ..\obj\stm32f4xx_rcc.o
 .text.RCC_AHB1PeriphClockLPModeCmd
                0x00000000       0x3c ..\obj\stm32f4xx_rcc.o
 .text.RCC_AHB2PeriphClockLPModeCmd
                0x00000000       0x3c ..\obj\stm32f4xx_rcc.o
 .text.RCC_AHB3PeriphClockLPModeCmd
                0x00000000       0x3c ..\obj\stm32f4xx_rcc.o
 .text.RCC_APB1PeriphClockLPModeCmd
                0x00000000       0x3c ..\obj\stm32f4xx_rcc.o
 .text.RCC_APB2PeriphClockLPModeCmd
                0x00000000       0x3c ..\obj\stm32f4xx_rcc.o
 .text.RCC_ITConfig
                0x00000000       0x4c ..\obj\stm32f4xx_rcc.o
 .text.RCC_GetFlagStatus
                0x00000000       0x74 ..\obj\stm32f4xx_rcc.o
 .text.RCC_ClearFlag
                0x00000000       0x1c ..\obj\stm32f4xx_rcc.o
 .text.RCC_GetITStatus
                0x00000000       0x34 ..\obj\stm32f4xx_rcc.o
 .text.RCC_ClearITPendingBit
                0x00000000       0x20 ..\obj\stm32f4xx_rcc.o
 .text          0x00000000        0x0 ..\obj\stm32f4xx_adc.o
 .data          0x00000000        0x0 ..\obj\stm32f4xx_adc.o
 .bss           0x00000000        0x0 ..\obj\stm32f4xx_adc.o
 .text.ADC_StructInit
                0x00000000       0x3c ..\obj\stm32f4xx_adc.o
 .text.ADC_CommonInit
                0x00000000       0x50 ..\obj\stm32f4xx_adc.o
 .text.ADC_CommonStructInit
                0x00000000       0x2c ..\obj\stm32f4xx_adc.o
 .text.ADC_AnalogWatchdogCmd
                0x00000000       0x38 ..\obj\stm32f4xx_adc.o
 .text.ADC_AnalogWatchdogThresholdsConfig
                0x00000000       0x28 ..\obj\stm32f4xx_adc.o
 .text.ADC_AnalogWatchdogSingleChannelConfig
                0x00000000       0x38 ..\obj\stm32f4xx_adc.o
 .text.ADC_TempSensorVrefintCmd
                0x00000000       0x38 ..\obj\stm32f4xx_adc.o
 .text.ADC_VBATCmd
                0x00000000       0x38 ..\obj\stm32f4xx_adc.o
 .text.ADC_GetSoftwareStartConvStatus
                0x00000000       0x30 ..\obj\stm32f4xx_adc.o
 .text.ADC_EOCOnEachRegularChannelCmd
                0x00000000       0x38 ..\obj\stm32f4xx_adc.o
 .text.ADC_ContinuousModeCmd
                0x00000000       0x38 ..\obj\stm32f4xx_adc.o
 .text.ADC_DiscModeChannelCountConfig
                0x00000000       0x44 ..\obj\stm32f4xx_adc.o
 .text.ADC_DiscModeCmd
                0x00000000       0x38 ..\obj\stm32f4xx_adc.o
 .text.ADC_GetMultiModeConversionValue
                0x00000000       0x14 ..\obj\stm32f4xx_adc.o
 .text.ADC_DMACmd
                0x00000000       0x38 ..\obj\stm32f4xx_adc.o
 .text.ADC_DMARequestAfterLastTransferCmd
                0x00000000       0x38 ..\obj\stm32f4xx_adc.o
 .text.ADC_MultiModeDMARequestAfterLastTransferCmd
                0x00000000       0x38 ..\obj\stm32f4xx_adc.o
 .text.ADC_InjectedChannelConfig
                0x00000000      0x120 ..\obj\stm32f4xx_adc.o
 .text.ADC_InjectedSequencerLengthConfig
                0x00000000       0x44 ..\obj\stm32f4xx_adc.o
 .text.ADC_SetInjectedOffset
                0x00000000       0x34 ..\obj\stm32f4xx_adc.o
 .text.ADC_ExternalTrigInjectedConvConfig
                0x00000000       0x34 ..\obj\stm32f4xx_adc.o
 .text.ADC_ExternalTrigInjectedConvEdgeConfig
                0x00000000       0x34 ..\obj\stm32f4xx_adc.o
 .text.ADC_SoftwareStartInjectedConv
                0x00000000       0x20 ..\obj\stm32f4xx_adc.o
 .text.ADC_GetSoftwareStartInjectedConvCmdStatus
                0x00000000       0x30 ..\obj\stm32f4xx_adc.o
 .text.ADC_AutoInjectedConvCmd
                0x00000000       0x38 ..\obj\stm32f4xx_adc.o
 .text.ADC_InjectedDiscModeCmd
                0x00000000       0x38 ..\obj\stm32f4xx_adc.o
 .text.ADC_GetInjectedConversionValue
                0x00000000       0x30 ..\obj\stm32f4xx_adc.o
 .text.ADC_ITConfig
                0x00000000       0x50 ..\obj\stm32f4xx_adc.o
 .text.ADC_ClearFlag
                0x00000000       0x20 ..\obj\stm32f4xx_adc.o
 .text.ADC_GetITStatus
                0x00000000       0x5c ..\obj\stm32f4xx_adc.o
 .text.ADC_ClearITPendingBit
                0x00000000       0x2c ..\obj\stm32f4xx_adc.o
 .text          0x00000000        0x0 ..\obj\printf.o
 .bss           0x00000000        0x0 ..\obj\printf.o
 .text.PutChar  0x00000000       0x20 ..\obj\printf.o
 .text.PutString
                0x00000000       0x3c ..\obj\printf.o
 .text.PutUnsignedInt
                0x00000000       0x9c ..\obj\printf.o
 .text.PutSignedInt
                0x00000000       0xf8 ..\obj\printf.o
 .text.PutHexa  0x00000000       0xd4 ..\obj\printf.o
 .text.vsnprintf
                0x00000000      0x254 ..\obj\printf.o
 .text.snprintf
                0x00000000       0x30 ..\obj\printf.o
 .text.vsprintf
                0x00000000       0x24 ..\obj\printf.o
 .rodata        0x00000000       0x24 ..\obj\printf.o
 .text.vfprintf
                0x00000000       0x68 ..\obj\printf.o
 .text.vprintf  0x00000000       0x28 ..\obj\printf.o
 .text.fprintf  0x00000000       0x2c ..\obj\printf.o
 .text.printf   0x00000000       0x28 ..\obj\printf.o
 .text.sprintf  0x00000000       0x2c ..\obj\printf.o
 .text          0x00000000        0x0 ..\obj\PeripheralSetup.o
 .data          0x00000000        0x0 ..\obj\PeripheralSetup.o
 .bss           0x00000000        0x0 ..\obj\PeripheralSetup.o
 .text          0x00000000        0x0 ..\obj\stm32f4xx_gpio.o
 .data          0x00000000        0x0 ..\obj\stm32f4xx_gpio.o
 .bss           0x00000000        0x0 ..\obj\stm32f4xx_gpio.o
 .text.GPIO_DeInit
                0x00000000      0x120 ..\obj\stm32f4xx_gpio.o
 .text.GPIO_StructInit
                0x00000000       0x34 ..\obj\stm32f4xx_gpio.o
 .text.GPIO_PinLockConfig
                0x00000000       0x44 ..\obj\stm32f4xx_gpio.o
 .text.GPIO_ReadInputData
                0x00000000       0x18 ..\obj\stm32f4xx_gpio.o
 .text.GPIO_ReadOutputDataBit
                0x00000000       0x34 ..\obj\stm32f4xx_gpio.o
 .text.GPIO_ReadOutputData
                0x00000000       0x18 ..\obj\stm32f4xx_gpio.o
 .text.GPIO_ResetBits
                0x00000000       0x1c ..\obj\stm32f4xx_gpio.o
 .text.GPIO_WriteBit
                0x00000000       0x30 ..\obj\stm32f4xx_gpio.o
 .text.GPIO_Write
                0x00000000       0x1c ..\obj\stm32f4xx_gpio.o
 .text.GPIO_PinAFConfig
                0x00000000       0x90 ..\obj\stm32f4xx_gpio.o
 .data          0x00000000        0x0 ..\obj\sh_cmd.o
 .bss           0x00000000        0x0 ..\obj\sh_cmd.o
 .text          0x00000000        0x0 ..\obj\system_stm32f4xx.o
 .bss           0x00000000        0x0 ..\obj\system_stm32f4xx.o
 .text.SystemCoreClockUpdate
                0x00000000       0xf8 ..\obj\system_stm32f4xx.o
 .text          0x00000000        0x0 ..\obj\syscalls.o
 .data          0x00000000        0x0 ..\obj\syscalls.o
 .bss           0x00000000        0x4 ..\obj\syscalls.o
 .text._sbrk    0x00000000       0x3c ..\obj\syscalls.o
 .text.link     0x00000000       0x18 ..\obj\syscalls.o
 .text._close   0x00000000       0x18 ..\obj\syscalls.o
 .text._fstat   0x00000000       0x20 ..\obj\syscalls.o
 .text._isatty  0x00000000       0x14 ..\obj\syscalls.o
 .text._lseek   0x00000000       0x18 ..\obj\syscalls.o
 .text._read    0x00000000       0x18 ..\obj\syscalls.o
 .text._write   0x00000000       0x18 ..\obj\syscalls.o
 .text.abort    0x00000000        0x8 ..\obj\syscalls.o
 .debug_info    0x00000000      0x3f5 ..\obj\syscalls.o
 .debug_abbrev  0x00000000       0xe5 ..\obj\syscalls.o
 .debug_aranges
                0x00000000       0x60 ..\obj\syscalls.o
 .debug_ranges  0x00000000       0x50 ..\obj\syscalls.o
 .debug_line    0x00000000      0x188 ..\obj\syscalls.o
 .debug_str     0x00000000      0x2f6 ..\obj\syscalls.o
 .comment       0x00000000       0x6f ..\obj\syscalls.o
 .debug_frame   0x00000000      0x168 ..\obj\syscalls.o
 .ARM.attributes
                0x00000000       0x33 ..\obj\syscalls.o
 .data          0x00000000        0x0 c:/program files (x86)/gnu tools arm embedded/5.3 2016q1/bin/../lib/gcc/arm-none-eabi/5.3.1/../../../../arm-none-eabi/lib/armv7e-m\libg.a(lib_a-strcmp.o)
 .bss           0x00000000        0x0 c:/program files (x86)/gnu tools arm embedded/5.3 2016q1/bin/../lib/gcc/arm-none-eabi/5.3.1/../../../../arm-none-eabi/lib/armv7e-m\libg.a(lib_a-strcmp.o)

Memory Configuration

Name             Origin             Length             Attributes
rom              0x08000000         0x00100000         xr
ram              0x20000000         0x00020000         xrw
ram1             0x10000000         0x00010000         xrw
*default*        0x00000000         0xffffffff

Linker script and memory map

                0x20020000                _eram = 0x20020000

.text           0x08000000     0x111c
 *(.isr_vector)
 .isr_vector    0x08000000      0x188 ..\obj\startup_stm32f4xx.o
                0x08000000                g_pfnVectors
 *(.text*)
 .text.SH_SendChar
                0x08000188       0x64 ..\obj\semihosting.o
                0x08000188                SH_SendChar
 .text.NVIC_SetPriority
                0x080001ec       0x54 ..\obj\delay.o
 .text.SysTick_Config
                0x08000240       0x44 ..\obj\delay.o
 .text.SysTick_Init
                0x08000284       0x2c ..\obj\delay.o
                0x08000284                SysTick_Init
 .text.TimeTick_Decrement
                0x080002b0       0x24 ..\obj\delay.o
                0x080002b0                TimeTick_Decrement
 .text.delay_1ms
                0x080002d4       0x20 ..\obj\delay.o
                0x080002d4                delay_1ms
 .text.delay_nms
                0x080002f4       0x20 ..\obj\delay.o
                0x080002f4                delay_nms
 .text.Default_Reset_Handler
                0x08000314       0x60 ..\obj\startup_stm32f4xx.o
                0x08000314                Default_Reset_Handler
                0x08000314                Reset_Handler
 .text.Default_Handler
                0x08000374        0x8 ..\obj\startup_stm32f4xx.o
                0x08000374                RTC_Alarm_IRQHandler
                0x08000374                HASH_RNG_IRQHandler
                0x08000374                EXTI2_IRQHandler
                0x08000374                TIM8_CC_IRQHandler
                0x08000374                DebugMon_Handler
                0x08000374                TIM1_CC_IRQHandler
                0x08000374                DMA2_Stream5_IRQHandler
                0x08000374                DMA1_Stream5_IRQHandler
                0x08000374                PVD_IRQHandler
                0x08000374                SDIO_IRQHandler
                0x08000374                TAMP_STAMP_IRQHandler
                0x08000374                PendSV_Handler
                0x08000374                NMI_Handler
                0x08000374                CAN2_RX1_IRQHandler
                0x08000374                EXTI3_IRQHandler
                0x08000374                TIM8_TRG_COM_TIM14_IRQHandler
                0x08000374                TIM1_UP_TIM10_IRQHandler
                0x08000374                TIM8_UP_TIM13_IRQHandler
                0x08000374                I2C3_ER_IRQHandler
                0x08000374                EXTI0_IRQHandler
                0x08000374                I2C2_EV_IRQHandler
                0x08000374                DMA1_Stream2_IRQHandler
                0x08000374                CAN1_RX0_IRQHandler
                0x08000374                FPU_IRQHandler
                0x08000374                OTG_HS_WKUP_IRQHandler
                0x08000374                UsageFault_Handler
                0x08000374                CAN2_SCE_IRQHandler
                0x08000374                DMA2_Stream2_IRQHandler
                0x08000374                SPI1_IRQHandler
                0x08000374                TIM6_DAC_IRQHandler
                0x08000374                TIM1_BRK_TIM9_IRQHandler
                0x08000374                DCMI_IRQHandler
                0x08000374                CAN2_RX0_IRQHandler
                0x08000374                DMA2_Stream3_IRQHandler
                0x08000374                USART6_IRQHandler
                0x08000374                USART3_IRQHandler
                0x08000374                CRYP_IRQHandler
                0x08000374                CAN1_RX1_IRQHandler
                0x08000374                UART5_IRQHandler
                0x08000374                DMA2_Stream0_IRQHandler
                0x08000374                TIM4_IRQHandler
                0x08000374                I2C1_EV_IRQHandler
                0x08000374                DMA1_Stream6_IRQHandler
                0x08000374                DMA1_Stream1_IRQHandler
                0x08000374                UART4_IRQHandler
                0x08000374                TIM3_IRQHandler
                0x08000374                RCC_IRQHandler
                0x08000374                TIM8_BRK_TIM12_IRQHandler
                0x08000374                EXTI15_10_IRQHandler
                0x08000374                ADC_IRQHandler
                0x08000374                DMA1_Stream7_IRQHandler
                0x08000374                TIM7_IRQHandler
                0x08000374                CAN2_TX_IRQHandler
                0x08000374                TIM5_IRQHandler
                0x08000374                DMA2_Stream7_IRQHandler
                0x08000374                I2C3_EV_IRQHandler
                0x08000374                EXTI9_5_IRQHandler
                0x08000374                RTC_WKUP_IRQHandler
                0x08000374                ETH_WKUP_IRQHandler
                0x08000374                SPI2_IRQHandler
                0x08000374                OTG_HS_EP1_IN_IRQHandler
                0x08000374                MemManage_Handler
                0x08000374                DMA1_Stream0_IRQHandler
                0x08000374                CAN1_TX_IRQHandler
                0x08000374                SVC_Handler
                0x08000374                EXTI4_IRQHandler
                0x08000374                FSMC_IRQHandler
                0x08000374                ETH_IRQHandler
                0x08000374                OTG_HS_EP1_OUT_IRQHandler
                0x08000374                WWDG_IRQHandler
                0x08000374                TIM2_IRQHandler
                0x08000374                OTG_FS_WKUP_IRQHandler
                0x08000374                TIM1_TRG_COM_TIM11_IRQHandler
                0x08000374                OTG_HS_IRQHandler
                0x08000374                EXTI1_IRQHandler
                0x08000374                USART2_IRQHandler
                0x08000374                I2C2_ER_IRQHandler
                0x08000374                DMA2_Stream1_IRQHandler
                0x08000374                CAN1_SCE_IRQHandler
                0x08000374                FLASH_IRQHandler
                0x08000374                DMA2_Stream4_IRQHandler
                0x08000374                BusFault_Handler
                0x08000374                USART1_IRQHandler
                0x08000374                OTG_FS_IRQHandler
                0x08000374                SPI3_IRQHandler
                0x08000374                DMA1_Stream4_IRQHandler
                0x08000374                I2C1_ER_IRQHandler
                0x08000374                DMA2_Stream6_IRQHandler
                0x08000374                DMA1_Stream3_IRQHandler
 .text.main     0x0800037c       0xa0 ..\obj\main.o
                0x0800037c                main
 .text.SysTick_Handler
                0x0800041c        0xc ..\obj\main.o
                0x0800041c                SysTick_Handler
 .text.RCC_AHB1PeriphClockCmd
                0x08000428       0x3c ..\obj\stm32f4xx_rcc.o
                0x08000428                RCC_AHB1PeriphClockCmd
 .text.RCC_APB2PeriphClockCmd
                0x08000464       0x3c ..\obj\stm32f4xx_rcc.o
                0x08000464                RCC_APB2PeriphClockCmd
 .text.RCC_APB2PeriphResetCmd
                0x080004a0       0x3c ..\obj\stm32f4xx_rcc.o
                0x080004a0                RCC_APB2PeriphResetCmd
 .text.ADC_DeInit
                0x080004dc       0x1c ..\obj\stm32f4xx_adc.o
                0x080004dc                ADC_DeInit
 .text.ADC_Init
                0x080004f8       0xa8 ..\obj\stm32f4xx_adc.o
                0x080004f8                ADC_Init
 .text.ADC_Cmd  0x080005a0       0x38 ..\obj\stm32f4xx_adc.o
                0x080005a0                ADC_Cmd
 .text.ADC_RegularChannelConfig
                0x080005d8      0x194 ..\obj\stm32f4xx_adc.o
                0x080005d8                ADC_RegularChannelConfig
 .text.ADC_SoftwareStartConv
                0x0800076c       0x20 ..\obj\stm32f4xx_adc.o
                0x0800076c                ADC_SoftwareStartConv
 .text.ADC_GetConversionValue
                0x0800078c       0x18 ..\obj\stm32f4xx_adc.o
                0x0800078c                ADC_GetConversionValue
 .text.ADC_GetFlagStatus
                0x080007a4       0x34 ..\obj\stm32f4xx_adc.o
                0x080007a4                ADC_GetFlagStatus
 .text.PrintChar
                0x080007d8       0x1c ..\obj\printf.o
                0x080007d8                PrintChar
 .text.puts     0x080007f4       0x24 ..\obj\printf.o
                0x080007f4                puts
 .text.fputc    0x08000818       0x40 ..\obj\printf.o
                0x08000818                fputc
 .text.fputs    0x08000858       0x48 ..\obj\printf.o
                0x08000858                fputs
 .text.SqueezeInit
                0x080008a0       0x80 ..\obj\PeripheralSetup.o
                0x080008a0                SqueezeInit
 .text.TapInit  0x08000920       0x80 ..\obj\PeripheralSetup.o
                0x08000920                TapInit
 .text.SpinInit
                0x080009a0       0x80 ..\obj\PeripheralSetup.o
                0x080009a0                SpinInit
 .text.BoardLEDInit
                0x08000a20       0x3c ..\obj\PeripheralSetup.o
                0x08000a20                BoardLEDInit
 .text.PushButtonInit
                0x08000a5c       0x38 ..\obj\PeripheralSetup.o
                0x08000a5c                PushButtonInit
 .text.SensorRead
                0x08000a94       0x68 ..\obj\PeripheralSetup.o
                0x08000a94                SensorRead
 .text.GPIO_Init
                0x08000afc      0x11c ..\obj\stm32f4xx_gpio.o
                0x08000afc                GPIO_Init
 .text.GPIO_ReadInputDataBit
                0x08000c18       0x34 ..\obj\stm32f4xx_gpio.o
                0x08000c18                GPIO_ReadInputDataBit
 .text.GPIO_SetBits
                0x08000c4c       0x1c ..\obj\stm32f4xx_gpio.o
                0x08000c4c                GPIO_SetBits
 .text.GPIO_ToggleBits
                0x08000c68       0x24 ..\obj\stm32f4xx_gpio.o
                0x08000c68                GPIO_ToggleBits
 .text          0x08000c8c       0x26 ..\obj\sh_cmd.o
                0x08000c8c                SH_DoCommand
                0x08000c9e                HardFault_Handler
 *fill*         0x08000cb2        0x2 
 .text.SystemInit
                0x08000cb4       0x5c ..\obj\system_stm32f4xx.o
                0x08000cb4                SystemInit
 .text.SetSysClock
                0x08000d10       0xf4 ..\obj\system_stm32f4xx.o
 *fill*         0x08000e04       0x1c 
 .text          0x08000e20      0x2dc c:/program files (x86)/gnu tools arm embedded/5.3 2016q1/bin/../lib/gcc/arm-none-eabi/5.3.1/../../../../arm-none-eabi/lib/armv7e-m\libg.a(lib_a-strcmp.o)
                0x08000e28                strcmp
 *(.init)
 *(.fini)
 *crtbegin.o(.ctors)
 *crtbegin?.o(.ctors)
 *(EXCLUDE_FILE(*crtend.o *crtend?.o) .ctors)
 *(SORT(.ctors.*))
 *(.ctors)
 *crtbegin.o(.dtors)
 *crtbegin?.o(.dtors)
 *(EXCLUDE_FILE(*crtend.o *crtend?.o) .dtors)
 *(SORT(.dtors.*))
 *(.dtors)
 *(.rodata*)
 .rodata        0x080010fc       0x19 ..\obj\main.o
 *fill*         0x08001115        0x3 
 .rodata        0x08001118        0x4 ..\obj\PeripheralSetup.o
 *(.eh_fram e*)

.glue_7         0x0800111c        0x0
 .glue_7        0x0800111c        0x0 linker stubs

.glue_7t        0x0800111c        0x0
 .glue_7t       0x0800111c        0x0 linker stubs

.vfp11_veneer   0x0800111c        0x0
 .vfp11_veneer  0x0800111c        0x0 linker stubs

.v4_bx          0x0800111c        0x0
 .v4_bx         0x0800111c        0x0 linker stubs

.iplt           0x0800111c        0x0
 .iplt          0x0800111c        0x0 ..\obj\semihosting.o

.rel.dyn        0x0800111c        0x0
 .rel.iplt      0x0800111c        0x0 ..\obj\semihosting.o

.ARM.extab
 *(.ARM.extab* .gnu.linkonce.armextab.*)
                0x0800111c                __exidx_start = .

.ARM.exidx
 *(.ARM.exidx* .gnu.linkonce.armexidx.*)
                0x0800111c                __exidx_end = .
                0x0800111c                __etext = .
                0x0800111c                _sidata = __etext

.data           0x20000000      0x440 load address 0x0800111c
                0x20000000                __data_start__ = .
                0x20000000                _sdata = __data_start__
 *(vtable)
 *(.data*)
 .data          0x20000000      0x42c ..\obj\printf.o
                0x20000000                r
                0x20000428                _impure_ptr
 .data          0x2000042c       0x14 ..\obj\system_stm32f4xx.o
                0x2000042c                SystemCoreClock
                0x20000430                AHBPrescTable
                0x20000440                . = ALIGN (0x4)
                [!provide]                PROVIDE (__preinit_array_start, .)
 *(.preinit_array)
                [!provide]                PROVIDE (__preinit_array_end, .)
                0x20000440                . = ALIGN (0x4)
                [!provide]                PROVIDE (__init_array_start, .)
 *(SORT(.init_array.*))
 *(.init_array)
                [!provide]                PROVIDE (__init_array_end, .)
                0x20000440                . = ALIGN (0x4)
                [!provide]                PROVIDE (__fini_array_start, .)
 *(SORT(.fini_array.*))
 *(.fini_array)
                [!provide]                PROVIDE (__fini_array_end, .)
 *(.jcr*)
                0x20000440                . = ALIGN (0x4)
                0x20000440                __data_end__ = .
                0x20000440                _edata = __data_end__

.igot.plt       0x20000440        0x0 load address 0x0800155c
 .igot.plt      0x20000440        0x0 ..\obj\semihosting.o

.bss            0x20000440       0x18 load address 0x0800155c
                0x20000440                . = ALIGN (0x4)
                0x20000440                __bss_start__ = .
                0x20000440                _sbss = __bss_start__
 *(.bss*)
 .bss           0x20000440       0x11 ..\obj\semihosting.o
 *fill*         0x20000451        0x3 
 .bss           0x20000454        0x4 ..\obj\delay.o
 *(COMMON)
                0x20000458                . = ALIGN (0x4)
                0x20000458                __bss_end__ = .
                0x20000458                _ebss = __bss_end__

.heap           0x20000458        0x0
                0x20000458                __end__ = .
                0x20000458                _end = __end__
                0x20000458                end = __end__
 *(.heap*)
                0x20000458                __HeapLimit = .

.co_stack       0x20000458      0x800 load address 0x08001574
                0x20000458                . = ALIGN (0x8)
 *(.co_stack .co_stack.*)
 .co_stack      0x20000458      0x800 ..\obj\startup_stm32f4xx.o
                0x20000458                pulStack
                0x20020000                __StackTop = (ORIGIN (ram) + LENGTH (ram))
                0x2001f800                __StackLimit = (__StackTop - SIZEOF (.co_stack))
                [!provide]                PROVIDE (__stack, __StackTop)
                0x00000001                ASSERT ((__StackLimit >= __HeapLimit), region ram  overflowed with stack)
LOAD ..\obj\semihosting.o
LOAD ..\obj\delay.o
LOAD ..\obj\startup_stm32f4xx.o
LOAD ..\obj\main.o
LOAD ..\obj\stm32f4xx_rcc.o
LOAD ..\obj\stm32f4xx_adc.o
LOAD ..\obj\printf.o
LOAD ..\obj\PeripheralSetup.o
LOAD ..\obj\stm32f4xx_gpio.o
LOAD ..\obj\sh_cmd.o
LOAD ..\obj\system_stm32f4xx.o
LOAD ..\obj\syscalls.o
START GROUP
LOAD c:/program files (x86)/gnu tools arm embedded/5.3 2016q1/bin/../lib/gcc/arm-none-eabi/5.3.1/armv7e-m\libgcc.a
LOAD c:/program files (x86)/gnu tools arm embedded/5.3 2016q1/bin/../lib/gcc/arm-none-eabi/5.3.1/../../../../arm-none-eabi/lib/armv7e-m\libg.a
LOAD c:/program files (x86)/gnu tools arm embedded/5.3 2016q1/bin/../lib/gcc/arm-none-eabi/5.3.1/../../../../arm-none-eabi/lib/armv7e-m\libc.a
END GROUP
OUTPUT(M2M_Peripherals_Integration.elf elf32-littlearm)

.debug_info     0x00000000     0x444d
 .debug_info    0x00000000      0x132 ..\obj\semihosting.o
 .debug_info    0x00000132      0x722 ..\obj\delay.o
 .debug_info    0x00000854       0xf2 ..\obj\startup_stm32f4xx.o
 .debug_info    0x00000946      0x229 ..\obj\main.o
 .debug_info    0x00000b6f      0xc63 ..\obj\stm32f4xx_rcc.o
 .debug_info    0x000017d2      0xc40 ..\obj\stm32f4xx_adc.o
 .debug_info    0x00002412      0xe3d ..\obj\printf.o
 .debug_info    0x0000324f      0x568 ..\obj\PeripheralSetup.o
 .debug_info    0x000037b7      0x61a ..\obj\stm32f4xx_gpio.o
 .debug_info    0x00003dd1       0xb7 ..\obj\sh_cmd.o
 .debug_info    0x00003e88      0x5c5 ..\obj\system_stm32f4xx.o

.debug_abbrev   0x00000000      0xe4f
 .debug_abbrev  0x00000000       0xab ..\obj\semihosting.o
 .debug_abbrev  0x000000ab      0x1d6 ..\obj\delay.o
 .debug_abbrev  0x00000281       0xb0 ..\obj\startup_stm32f4xx.o
 .debug_abbrev  0x00000331       0xf4 ..\obj\main.o
 .debug_abbrev  0x00000425      0x1e5 ..\obj\stm32f4xx_rcc.o
 .debug_abbrev  0x0000060a      0x198 ..\obj\stm32f4xx_adc.o
 .debug_abbrev  0x000007a2      0x262 ..\obj\printf.o
 .debug_abbrev  0x00000a04      0x158 ..\obj\PeripheralSetup.o
 .debug_abbrev  0x00000b5c      0x1a7 ..\obj\stm32f4xx_gpio.o
 .debug_abbrev  0x00000d03       0x14 ..\obj\sh_cmd.o
 .debug_abbrev  0x00000d17      0x138 ..\obj\system_stm32f4xx.o

.debug_aranges  0x00000000      0x550
 .debug_aranges
                0x00000000       0x30 ..\obj\semihosting.o
 .debug_aranges
                0x00000030       0x50 ..\obj\delay.o
 .debug_aranges
                0x00000080       0x28 ..\obj\startup_stm32f4xx.o
 .debug_aranges
                0x000000a8       0x28 ..\obj\main.o
 .debug_aranges
                0x000000d0      0x178 ..\obj\stm32f4xx_rcc.o
 .debug_aranges
                0x00000248      0x148 ..\obj\stm32f4xx_adc.o
 .debug_aranges
                0x00000390       0xa0 ..\obj\printf.o
 .debug_aranges
                0x00000430       0x48 ..\obj\PeripheralSetup.o
 .debug_aranges
                0x00000478       0x88 ..\obj\stm32f4xx_gpio.o
 .debug_aranges
                0x00000500       0x20 ..\obj\sh_cmd.o
 .debug_aranges
                0x00000520       0x30 ..\obj\system_stm32f4xx.o

.debug_ranges   0x00000000      0x490
 .debug_ranges  0x00000000       0x20 ..\obj\semihosting.o
 .debug_ranges  0x00000020       0x40 ..\obj\delay.o
 .debug_ranges  0x00000060       0x18 ..\obj\startup_stm32f4xx.o
 .debug_ranges  0x00000078       0x18 ..\obj\main.o
 .debug_ranges  0x00000090      0x168 ..\obj\stm32f4xx_rcc.o
 .debug_ranges  0x000001f8      0x138 ..\obj\stm32f4xx_adc.o
 .debug_ranges  0x00000330       0x90 ..\obj\printf.o
 .debug_ranges  0x000003c0       0x38 ..\obj\PeripheralSetup.o
 .debug_ranges  0x000003f8       0x78 ..\obj\stm32f4xx_gpio.o
 .debug_ranges  0x00000470       0x20 ..\obj\system_stm32f4xx.o

.debug_line     0x00000000     0x1d3d
 .debug_line    0x00000000       0xb0 ..\obj\semihosting.o
 .debug_line    0x000000b0      0x25f ..\obj\delay.o
 .debug_line    0x0000030f       0xa4 ..\obj\startup_stm32f4xx.o
 .debug_line    0x000003b3      0x1d8 ..\obj\main.o
 .debug_line    0x0000058b      0x5cd ..\obj\stm32f4xx_rcc.o
 .debug_line    0x00000b58      0x585 ..\obj\stm32f4xx_adc.o
 .debug_line    0x000010dd      0x379 ..\obj\printf.o
 .debug_line    0x00001456      0x2d8 ..\obj\PeripheralSetup.o
 .debug_line    0x0000172e      0x388 ..\obj\stm32f4xx_gpio.o
 .debug_line    0x00001ab6       0x81 ..\obj\sh_cmd.o
 .debug_line    0x00001b37      0x206 ..\obj\system_stm32f4xx.o

.debug_str      0x00000000     0x1fdb
 .debug_str     0x00000000      0x15f ..\obj\semihosting.o
                                0x198 (size before relaxing)
 .debug_str     0x0000015f      0x6c5 ..\obj\delay.o
                                0x7ec (size before relaxing)
 .debug_str     0x00000824       0xb2 ..\obj\startup_stm32f4xx.o
                                0x149 (size before relaxing)
 .debug_str     0x000008d6      0x145 ..\obj\main.o
                                0x29b (size before relaxing)
 .debug_str     0x00000a1b      0x684 ..\obj\stm32f4xx_rcc.o
                                0x852 (size before relaxing)
 .debug_str     0x0000109f      0x64a ..\obj\stm32f4xx_adc.o
                                0x806 (size before relaxing)
 .debug_str     0x000016e9      0x4ca ..\obj\printf.o
                                0x685 (size before relaxing)
 .debug_str     0x00001bb3      0x1dd ..\obj\PeripheralSetup.o
                                0x503 (size before relaxing)
 .debug_str     0x00001d90      0x195 ..\obj\stm32f4xx_gpio.o
                                0x4a5 (size before relaxing)
 .debug_str     0x00001f25       0xb6 ..\obj\system_stm32f4xx.o
                                0x3ac (size before relaxing)

.comment        0x00000000       0x6e
 .comment       0x00000000       0x6e ..\obj\semihosting.o
                                 0x6f (size before relaxing)
 .comment       0x0000006e       0x6f ..\obj\delay.o
 .comment       0x0000006e       0x6f ..\obj\startup_stm32f4xx.o
 .comment       0x0000006e       0x6f ..\obj\main.o
 .comment       0x0000006e       0x6f ..\obj\stm32f4xx_rcc.o
 .comment       0x0000006e       0x6f ..\obj\stm32f4xx_adc.o
 .comment       0x0000006e       0x6f ..\obj\printf.o
 .comment       0x0000006e       0x6f ..\obj\PeripheralSetup.o
 .comment       0x0000006e       0x6f ..\obj\stm32f4xx_gpio.o
 .comment       0x0000006e       0x6f ..\obj\system_stm32f4xx.o

.ARM.attributes
                0x00000000       0x31
 .ARM.attributes
                0x00000000       0x33 ..\obj\semihosting.o
 .ARM.attributes
                0x00000033       0x33 ..\obj\delay.o
 .ARM.attributes
                0x00000066       0x33 ..\obj\startup_stm32f4xx.o
 .ARM.attributes
                0x00000099       0x33 ..\obj\main.o
 .ARM.attributes
                0x000000cc       0x33 ..\obj\stm32f4xx_rcc.o
 .ARM.attributes
                0x000000ff       0x33 ..\obj\stm32f4xx_adc.o
 .ARM.attributes
                0x00000132       0x33 ..\obj\printf.o
 .ARM.attributes
                0x00000165       0x33 ..\obj\PeripheralSetup.o
 .ARM.attributes
                0x00000198       0x33 ..\obj\stm32f4xx_gpio.o
 .ARM.attributes
                0x000001cb       0x21 ..\obj\sh_cmd.o
 .ARM.attributes
                0x000001ec       0x33 ..\obj\system_stm32f4xx.o
 .ARM.attributes
                0x0000021f       0x1c c:/program files (x86)/gnu tools arm embedded/5.3 2016q1/bin/../lib/gcc/arm-none-eabi/5.3.1/../../../../arm-none-eabi/lib/armv7e-m\libg.a(lib_a-strcmp.o)

.debug_frame    0x00000000     0x15b8
 .debug_frame   0x00000000       0x7c ..\obj\semihosting.o
 .debug_frame   0x0000007c      0x104 ..\obj\delay.o
 .debug_frame   0x00000180       0x4c ..\obj\startup_stm32f4xx.o
 .debug_frame   0x000001cc       0x4c ..\obj\main.o
 .debug_frame   0x00000218      0x6d4 ..\obj\stm32f4xx_rcc.o
 .debug_frame   0x000008ec      0x5ec ..\obj\stm32f4xx_adc.o
 .debug_frame   0x00000ed8      0x2d8 ..\obj\printf.o
 .debug_frame   0x000011b0       0xe8 ..\obj\PeripheralSetup.o
 .debug_frame   0x00001298      0x23c ..\obj\stm32f4xx_gpio.o
 .debug_frame   0x000014d4       0x7c ..\obj\system_stm32f4xx.o
 .debug_frame   0x00001550       0x68 c:/program files (x86)/gnu tools arm embedded/5.3 2016q1/bin/../lib/gcc/arm-none-eabi/5.3.1/../../../../arm-none-eabi/lib/armv7e-m\libg.a(lib_a-strcmp.o)
